file:///private/tmp/dap-t1-declaration/spike/lang/compiler.ts:114
  if (diagnostics.length) throw new Error(JSON.stringify(diagnostics, null, 2));
                                ^

Error: [
  {
    "code": "audience from payload",
    "act": "com.example.sale.offer_terms",
    "site": "audience",
    "expression": "payload.offer_id",
    "dependency": "offer_id",
    "reader": "sale-parties",
    "reason": "referenced readers must come from preceding effective state, including on refused attempts",
    "witness": "corpus/sale/run6/seed-172.json"
  },
  {
    "code": "audience from payload",
    "act": "com.example.sale.counter",
    "site": "audience",
    "expression": "payload.offer_id",
    "dependency": "offer_id",
    "reader": "sale-parties",
    "reason": "referenced readers must come from preceding effective state, including on refused attempts",
    "witness": "corpus/sale/run6/seed-172.json"
  }
]
    at emit (file:///private/tmp/dap-t1-declaration/spike/lang/compiler.ts:114:33)
    at file:///private/tmp/dap-t1-declaration/spike/lang/emit.ts:6:94
    at ModuleJob.run (node:internal/modules/esm/module_job:569:25)
    at async node:internal/modules/esm/loader:650:26
    at async asyncRunEntryPointWithESMLoader (node:internal/modules/run_main:101:5)

Node.js v26.9.0
